------ methods for class com.sun.javafx.jdi.test.target.FilterMethodsTarget$FilterMethodsTargetSub
------ all methods ------
method = com.sun.javafx.jdi.test.target.FilterMethodsTarget$FilterMethodsTargetSub.<init>()
method = com.sun.javafx.jdi.test.target.FilterMethodsTarget$FilterMethodsTargetSub.mixiFunc()
method = com.sun.javafx.jdi.test.target.FilterMethodsTarget$FilterMethodsTargetSub.<init>(boolean)
method = com.sun.javafx.jdi.test.target.FilterMethodsTarget$FilterMethodsTargetSub.stopHere()
method = com.sun.javafx.jdi.test.target.FilterMethodsTarget$FilterMethodsTargetSub.getInt()
method = com.sun.javafx.jdi.test.target.FilterMethodsTarget$FilterMethodsTargetSub.<clinit>()
method = com.sun.javafx.jdi.test.target.FilterMethodsTarget.<init>()
method = com.sun.javafx.jdi.test.target.FilterMethodsTarget.<init>(boolean)
method = com.sun.javafx.jdi.test.target.FilterMethodsTarget.priv1()
method = com.sun.javafx.jdi.test.target.FilterMethodsTarget.pub1()
method = com.sun.javafx.jdi.test.target.FilterMethodsTarget.statFunc1()
method = com.sun.javafx.jdi.test.target.FilterMethodsTarget.<clinit>()
method = com.sun.javafx.runtime.FXBase.<init>()
method = com.sun.javafx.runtime.FXBase.<init>(boolean)
method = com.sun.javafx.runtime.FXBase.<clinit>()
method = java.lang.Object.<init>()
method = java.lang.Object.registerNatives()
method = java.lang.Object.getClass()
method = java.lang.Object.hashCode()
method = java.lang.Object.equals(java.lang.Object)
method = java.lang.Object.clone()
method = java.lang.Object.toString()
method = java.lang.Object.notify()
method = java.lang.Object.notifyAll()
method = java.lang.Object.wait(long)
method = java.lang.Object.wait(long, int)
method = java.lang.Object.wait()
method = java.lang.Object.finalize()
method = java.lang.Object.<clinit>()
method = com.sun.javafx.jdi.test.target.FilterMethodsTarget$Mixin1$Mixin.mixiFunc()
method = com.sun.javafx.jdi.test.target.FilterMethodsTarget$Mixin2$Mixin.mixiFunc()

----- exclude inherited methods ------
method = com.sun.javafx.jdi.test.target.FilterMethodsTarget$FilterMethodsTargetSub.<init>()
method = com.sun.javafx.jdi.test.target.FilterMethodsTarget$FilterMethodsTargetSub.mixiFunc()
method = com.sun.javafx.jdi.test.target.FilterMethodsTarget$FilterMethodsTargetSub.<init>(boolean)
method = com.sun.javafx.jdi.test.target.FilterMethodsTarget$FilterMethodsTargetSub.stopHere()
method = com.sun.javafx.jdi.test.target.FilterMethodsTarget$FilterMethodsTargetSub.getInt()
method = com.sun.javafx.jdi.test.target.FilterMethodsTarget$FilterMethodsTargetSub.<clinit>()

----- visible methods ------
method = com.sun.javafx.jdi.test.target.FilterMethodsTarget$FilterMethodsTargetSub.<init>()
method = com.sun.javafx.jdi.test.target.FilterMethodsTarget$FilterMethodsTargetSub.mixiFunc()
method = com.sun.javafx.jdi.test.target.FilterMethodsTarget$FilterMethodsTargetSub.<init>(boolean)
method = com.sun.javafx.jdi.test.target.FilterMethodsTarget$FilterMethodsTargetSub.stopHere()
method = com.sun.javafx.jdi.test.target.FilterMethodsTarget$FilterMethodsTargetSub.getInt()
method = com.sun.javafx.jdi.test.target.FilterMethodsTarget$FilterMethodsTargetSub.<clinit>()
method = com.sun.javafx.jdi.test.target.FilterMethodsTarget.priv1()
method = com.sun.javafx.jdi.test.target.FilterMethodsTarget.pub1()
method = com.sun.javafx.jdi.test.target.FilterMethodsTarget.statFunc1()
method = java.lang.Object.registerNatives()
method = java.lang.Object.getClass()
method = java.lang.Object.hashCode()
method = java.lang.Object.equals(java.lang.Object)
method = java.lang.Object.clone()
method = java.lang.Object.toString()
method = java.lang.Object.notify()
method = java.lang.Object.notifyAll()
method = java.lang.Object.wait(long)
method = java.lang.Object.wait(long, int)
method = java.lang.Object.wait()
method = java.lang.Object.finalize()

----- methods by name ------
method = com.sun.javafx.jdi.test.target.FilterMethodsTarget$FilterMethodsTargetSub.mixiFunc()
method = com.sun.javafx.jdi.test.target.FilterMethodsTarget$FilterMethodsTargetSub.stopHere()
method = com.sun.javafx.jdi.test.target.FilterMethodsTarget$FilterMethodsTargetSub.getInt()
method = com.sun.javafx.jdi.test.target.FilterMethodsTarget.priv1()
method = com.sun.javafx.jdi.test.target.FilterMethodsTarget.pub1()
