------ methods for class com.sun.javafx.jdi.test.target.FilterMethodsTarget$FilterMethodsTargetSub
------ all methods ------
method = com.sun.javafx.jdi.test.target.FilterMethodsTarget$FilterMethodsTargetSub.get$Mixin1$mixivar1()
method = com.sun.javafx.jdi.test.target.FilterMethodsTarget$FilterMethodsTargetSub.set$Mixin1$mixivar1(float)
method = com.sun.javafx.jdi.test.target.FilterMethodsTarget$FilterMethodsTargetSub.invalidate$Mixin1$mixivar1(int)
method = com.sun.javafx.jdi.test.target.FilterMethodsTarget$FilterMethodsTargetSub.onReplace$Mixin1$mixivar1(float, float)
method = com.sun.javafx.jdi.test.target.FilterMethodsTarget$FilterMethodsTargetSub.get$Mixin2$mixivar1()
method = com.sun.javafx.jdi.test.target.FilterMethodsTarget$FilterMethodsTargetSub.set$Mixin2$mixivar1(float)
method = com.sun.javafx.jdi.test.target.FilterMethodsTarget$FilterMethodsTargetSub.invalidate$Mixin2$mixivar1(int)
method = com.sun.javafx.jdi.test.target.FilterMethodsTarget$FilterMethodsTargetSub.onReplace$Mixin2$mixivar1(float, float)
method = com.sun.javafx.jdi.test.target.FilterMethodsTarget$FilterMethodsTargetSub.applyDefaults$(int)
method = com.sun.javafx.jdi.test.target.FilterMethodsTarget$FilterMethodsTargetSub.initVars$()
method = com.sun.javafx.jdi.test.target.FilterMethodsTarget$FilterMethodsTargetSub.<init>()
method = com.sun.javafx.jdi.test.target.FilterMethodsTarget$FilterMethodsTargetSub.mixiFunc()
method = com.sun.javafx.jdi.test.target.FilterMethodsTarget$FilterMethodsTargetSub.<init>(boolean)
method = com.sun.javafx.jdi.test.target.FilterMethodsTarget$FilterMethodsTargetSub.userInit$()
method = com.sun.javafx.jdi.test.target.FilterMethodsTarget$FilterMethodsTargetSub.postInit$()
method = com.sun.javafx.jdi.test.target.FilterMethodsTarget$FilterMethodsTargetSub.stopHere()
method = com.sun.javafx.jdi.test.target.FilterMethodsTarget$FilterMethodsTargetSub.getInt()
method = com.sun.javafx.jdi.test.target.FilterMethodsTarget$FilterMethodsTargetSub.<clinit>()
method = com.sun.javafx.jdi.test.target.FilterMethodsTarget.<init>()
method = com.sun.javafx.jdi.test.target.FilterMethodsTarget.<init>(boolean)
method = com.sun.javafx.jdi.test.target.FilterMethodsTarget.priv1()
method = com.sun.javafx.jdi.test.target.FilterMethodsTarget.pub1()
method = com.sun.javafx.jdi.test.target.FilterMethodsTarget.javafx$run$(com.sun.javafx.runtime.sequence.Sequence)
method = com.sun.javafx.jdi.test.target.FilterMethodsTarget.statFunc1()
method = com.sun.javafx.jdi.test.target.FilterMethodsTarget.get$obj()
method = com.sun.javafx.jdi.test.target.FilterMethodsTarget.<clinit>()
method = com.sun.javafx.runtime.FXBase.getType$(int)
method = com.sun.javafx.runtime.FXBase.getType$(com.sun.javafx.runtime.FXObject, int)
method = com.sun.javafx.runtime.FXBase.seq$(int, java.lang.Object)
method = com.sun.javafx.runtime.FXBase.seq$(com.sun.javafx.runtime.FXObject, int, java.lang.Object)
method = com.sun.javafx.runtime.FXBase.<init>()
method = com.sun.javafx.runtime.FXBase.<init>(boolean)
method = com.sun.javafx.runtime.FXBase.initialize$(boolean)
method = com.sun.javafx.runtime.FXBase.initialize$(com.sun.javafx.runtime.FXObject, boolean)
method = com.sun.javafx.runtime.FXBase.complete$()
method = com.sun.javafx.runtime.FXBase.complete$(com.sun.javafx.runtime.FXObject)
method = com.sun.javafx.runtime.FXBase.initVars$()
method = com.sun.javafx.runtime.FXBase.initVars$(com.sun.javafx.runtime.FXObject)
method = com.sun.javafx.runtime.FXBase.applyDefaults$(int)
method = com.sun.javafx.runtime.FXBase.applyDefaults$(com.sun.javafx.runtime.FXObject, int)
method = com.sun.javafx.runtime.FXBase.applyDefaults$()
method = com.sun.javafx.runtime.FXBase.applyDefaults$(com.sun.javafx.runtime.FXObject)
method = com.sun.javafx.runtime.FXBase.userInit$()
method = com.sun.javafx.runtime.FXBase.userInit$(com.sun.javafx.runtime.FXObject)
method = com.sun.javafx.runtime.FXBase.postInit$()
method = com.sun.javafx.runtime.FXBase.postInit$(com.sun.javafx.runtime.FXObject)
method = com.sun.javafx.runtime.FXBase.makeInitMap$(int, int[])
method = com.sun.javafx.runtime.FXBase.elem$(int, int)
method = com.sun.javafx.runtime.FXBase.elem$(com.sun.javafx.runtime.FXObject, int, int)
method = com.sun.javafx.runtime.FXBase.getAsBoolean$(int, int)
method = com.sun.javafx.runtime.FXBase.getAsBoolean$(com.sun.javafx.runtime.FXObject, int, int)
method = com.sun.javafx.runtime.FXBase.getAsChar$(int, int)
method = com.sun.javafx.runtime.FXBase.getAsChar$(com.sun.javafx.runtime.FXObject, int, int)
method = com.sun.javafx.runtime.FXBase.getAsByte$(int, int)
method = com.sun.javafx.runtime.FXBase.getAsByte$(com.sun.javafx.runtime.FXObject, int, int)
method = com.sun.javafx.runtime.FXBase.getAsShort$(int, int)
method = com.sun.javafx.runtime.FXBase.getAsShort$(com.sun.javafx.runtime.FXObject, int, int)
method = com.sun.javafx.runtime.FXBase.getAsInt$(int, int)
method = com.sun.javafx.runtime.FXBase.getAsInt$(com.sun.javafx.runtime.FXObject, int, int)
method = com.sun.javafx.runtime.FXBase.getAsLong$(int, int)
method = com.sun.javafx.runtime.FXBase.getAsLong$(com.sun.javafx.runtime.FXObject, int, int)
method = com.sun.javafx.runtime.FXBase.getAsFloat$(int, int)
method = com.sun.javafx.runtime.FXBase.getAsFloat$(com.sun.javafx.runtime.FXObject, int, int)
method = com.sun.javafx.runtime.FXBase.getAsDouble$(int, int)
method = com.sun.javafx.runtime.FXBase.getAsDouble$(com.sun.javafx.runtime.FXObject, int, int)
method = com.sun.javafx.runtime.FXBase.<clinit>()
method = java.lang.Object.<init>()
method = java.lang.Object.registerNatives()
method = java.lang.Object.getClass()
method = java.lang.Object.hashCode()
method = java.lang.Object.equals(java.lang.Object)
method = java.lang.Object.clone()
method = java.lang.Object.toString()
method = java.lang.Object.notify()
method = java.lang.Object.notifyAll()
method = java.lang.Object.wait(long)
method = java.lang.Object.wait(long, int)
method = java.lang.Object.wait()
method = java.lang.Object.finalize()
method = java.lang.Object.<clinit>()
method = com.sun.javafx.runtime.FXObject.getFlags$(int)
method = com.sun.javafx.runtime.FXObject.setFlags$(int, int)
method = com.sun.javafx.runtime.FXObject.varTestBits$(int, int, int)
method = com.sun.javafx.runtime.FXObject.varChangeBits$(int, int, int)
method = com.sun.javafx.runtime.FXObject.restrictSet$(int)
method = com.sun.javafx.runtime.FXObject.getThisRef$internal$()
method = com.sun.javafx.runtime.FXObject.setThisRef$internal$(com.sun.javafx.runtime.WeakBinderRef)
method = com.sun.javafx.runtime.FXObject.getDepChain$internal$()
method = com.sun.javafx.runtime.FXObject.setDepChain$internal$(com.sun.javafx.runtime.DepChain)
method = com.sun.javafx.runtime.FXObject.addDependent$(int, com.sun.javafx.runtime.FXObject, int)
method = com.sun.javafx.runtime.FXObject.removeDependent$(int, com.sun.javafx.runtime.FXObject)
method = com.sun.javafx.runtime.FXObject.switchDependence$(com.sun.javafx.runtime.FXObject, int, com.sun.javafx.runtime.FXObject, int, int)
method = com.sun.javafx.runtime.FXObject.notifyDependents$(int, int)
method = com.sun.javafx.runtime.FXObject.notifyDependents$(int, int, int, int, int)
method = com.sun.javafx.runtime.FXObject.update$(com.sun.javafx.runtime.FXObject, int, int, int, int, int)
method = com.sun.javafx.runtime.FXObject.getListenerCount$()
method = com.sun.javafx.runtime.FXObject.get$(int)
method = com.sun.javafx.runtime.FXObject.set$(int, java.lang.Object)
method = com.sun.javafx.runtime.FXObject.getType$(int)
method = com.sun.javafx.runtime.FXObject.seq$(int, java.lang.Object)
method = com.sun.javafx.runtime.FXObject.invalidate$(int, int, int, int, int)
method = com.sun.javafx.runtime.FXObject.initialize$(boolean)
method = com.sun.javafx.runtime.FXObject.initVars$()
method = com.sun.javafx.runtime.FXObject.applyDefaults$()
method = com.sun.javafx.runtime.FXObject.applyDefaults$(int)
method = com.sun.javafx.runtime.FXObject.userInit$()
method = com.sun.javafx.runtime.FXObject.postInit$()
method = com.sun.javafx.runtime.FXObject.complete$()
method = com.sun.javafx.runtime.FXObject.count$()
method = com.sun.javafx.runtime.FXObject.size$(int)
method = com.sun.javafx.runtime.FXObject.elem$(int, int)
method = com.sun.javafx.runtime.FXObject.getAsBoolean$(int, int)
method = com.sun.javafx.runtime.FXObject.getAsChar$(int, int)
method = com.sun.javafx.runtime.FXObject.getAsByte$(int, int)
method = com.sun.javafx.runtime.FXObject.getAsShort$(int, int)
method = com.sun.javafx.runtime.FXObject.getAsInt$(int, int)
method = com.sun.javafx.runtime.FXObject.getAsLong$(int, int)
method = com.sun.javafx.runtime.FXObject.getAsFloat$(int, int)
method = com.sun.javafx.runtime.FXObject.getAsDouble$(int, int)
method = com.sun.javafx.runtime.FXObject.invoke$(int, java.lang.Object, java.lang.Object, java.lang.Object[])
method = com.sun.javafx.jdi.test.target.FilterMethodsTarget$Mixin1$Mixin.get$Mixin1$mixivar1()
method = com.sun.javafx.jdi.test.target.FilterMethodsTarget$Mixin1$Mixin.set$Mixin1$mixivar1(float)
method = com.sun.javafx.jdi.test.target.FilterMethodsTarget$Mixin1$Mixin.invalidate$Mixin1$mixivar1(int)
method = com.sun.javafx.jdi.test.target.FilterMethodsTarget$Mixin1$Mixin.onReplace$Mixin1$mixivar1(float, float)
method = com.sun.javafx.jdi.test.target.FilterMethodsTarget$Mixin1$Mixin.getMixin$Mixin1$mixivar1()
method = com.sun.javafx.jdi.test.target.FilterMethodsTarget$Mixin1$Mixin.getVOFF$Mixin1$mixivar1()
method = com.sun.javafx.jdi.test.target.FilterMethodsTarget$Mixin1$Mixin.setMixin$Mixin1$mixivar1(float)
method = com.sun.javafx.jdi.test.target.FilterMethodsTarget$Mixin1$Mixin.DCNT$com$sun$javafx$jdi$test$target$FilterMethodsTarget$Mixin1()
method = com.sun.javafx.jdi.test.target.FilterMethodsTarget$Mixin1$Mixin.FCNT$com$sun$javafx$jdi$test$target$FilterMethodsTarget$Mixin1()
method = com.sun.javafx.jdi.test.target.FilterMethodsTarget$Mixin1$Mixin.mixiFunc()
method = com.sun.javafx.jdi.test.target.FilterMethodsTarget$Mixin2$Mixin.get$Mixin2$mixivar1()
method = com.sun.javafx.jdi.test.target.FilterMethodsTarget$Mixin2$Mixin.set$Mixin2$mixivar1(float)
method = com.sun.javafx.jdi.test.target.FilterMethodsTarget$Mixin2$Mixin.invalidate$Mixin2$mixivar1(int)
method = com.sun.javafx.jdi.test.target.FilterMethodsTarget$Mixin2$Mixin.onReplace$Mixin2$mixivar1(float, float)
method = com.sun.javafx.jdi.test.target.FilterMethodsTarget$Mixin2$Mixin.getMixin$Mixin2$mixivar1()
method = com.sun.javafx.jdi.test.target.FilterMethodsTarget$Mixin2$Mixin.getVOFF$Mixin2$mixivar1()
method = com.sun.javafx.jdi.test.target.FilterMethodsTarget$Mixin2$Mixin.setMixin$Mixin2$mixivar1(float)
method = com.sun.javafx.jdi.test.target.FilterMethodsTarget$Mixin2$Mixin.DCNT$com$sun$javafx$jdi$test$target$FilterMethodsTarget$Mixin2()
method = com.sun.javafx.jdi.test.target.FilterMethodsTarget$Mixin2$Mixin.FCNT$com$sun$javafx$jdi$test$target$FilterMethodsTarget$Mixin2()
method = com.sun.javafx.jdi.test.target.FilterMethodsTarget$Mixin2$Mixin.mixiFunc()
method = com.sun.javafx.runtime.FXObject.getFlags$(int)
method = com.sun.javafx.runtime.FXObject.setFlags$(int, int)
method = com.sun.javafx.runtime.FXObject.varTestBits$(int, int, int)
method = com.sun.javafx.runtime.FXObject.varChangeBits$(int, int, int)
method = com.sun.javafx.runtime.FXObject.restrictSet$(int)
method = com.sun.javafx.runtime.FXObject.getThisRef$internal$()
method = com.sun.javafx.runtime.FXObject.setThisRef$internal$(com.sun.javafx.runtime.WeakBinderRef)
method = com.sun.javafx.runtime.FXObject.getDepChain$internal$()
method = com.sun.javafx.runtime.FXObject.setDepChain$internal$(com.sun.javafx.runtime.DepChain)
method = com.sun.javafx.runtime.FXObject.addDependent$(int, com.sun.javafx.runtime.FXObject, int)
method = com.sun.javafx.runtime.FXObject.removeDependent$(int, com.sun.javafx.runtime.FXObject)
method = com.sun.javafx.runtime.FXObject.switchDependence$(com.sun.javafx.runtime.FXObject, int, com.sun.javafx.runtime.FXObject, int, int)
method = com.sun.javafx.runtime.FXObject.notifyDependents$(int, int)
method = com.sun.javafx.runtime.FXObject.notifyDependents$(int, int, int, int, int)
method = com.sun.javafx.runtime.FXObject.update$(com.sun.javafx.runtime.FXObject, int, int, int, int, int)
method = com.sun.javafx.runtime.FXObject.getListenerCount$()
method = com.sun.javafx.runtime.FXObject.get$(int)
method = com.sun.javafx.runtime.FXObject.set$(int, java.lang.Object)
method = com.sun.javafx.runtime.FXObject.getType$(int)
method = com.sun.javafx.runtime.FXObject.seq$(int, java.lang.Object)
method = com.sun.javafx.runtime.FXObject.invalidate$(int, int, int, int, int)
method = com.sun.javafx.runtime.FXObject.initialize$(boolean)
method = com.sun.javafx.runtime.FXObject.initVars$()
method = com.sun.javafx.runtime.FXObject.applyDefaults$()
method = com.sun.javafx.runtime.FXObject.applyDefaults$(int)
method = com.sun.javafx.runtime.FXObject.userInit$()
method = com.sun.javafx.runtime.FXObject.postInit$()
method = com.sun.javafx.runtime.FXObject.complete$()
method = com.sun.javafx.runtime.FXObject.count$()
method = com.sun.javafx.runtime.FXObject.size$(int)
method = com.sun.javafx.runtime.FXObject.elem$(int, int)
method = com.sun.javafx.runtime.FXObject.getAsBoolean$(int, int)
method = com.sun.javafx.runtime.FXObject.getAsChar$(int, int)
method = com.sun.javafx.runtime.FXObject.getAsByte$(int, int)
method = com.sun.javafx.runtime.FXObject.getAsShort$(int, int)
method = com.sun.javafx.runtime.FXObject.getAsInt$(int, int)
method = com.sun.javafx.runtime.FXObject.getAsLong$(int, int)
method = com.sun.javafx.runtime.FXObject.getAsFloat$(int, int)
method = com.sun.javafx.runtime.FXObject.getAsDouble$(int, int)
method = com.sun.javafx.runtime.FXObject.invoke$(int, java.lang.Object, java.lang.Object, java.lang.Object[])
method = com.sun.javafx.runtime.FXObject.getFlags$(int)
method = com.sun.javafx.runtime.FXObject.setFlags$(int, int)
method = com.sun.javafx.runtime.FXObject.varTestBits$(int, int, int)
method = com.sun.javafx.runtime.FXObject.varChangeBits$(int, int, int)
method = com.sun.javafx.runtime.FXObject.restrictSet$(int)
method = com.sun.javafx.runtime.FXObject.getThisRef$internal$()
method = com.sun.javafx.runtime.FXObject.setThisRef$internal$(com.sun.javafx.runtime.WeakBinderRef)
method = com.sun.javafx.runtime.FXObject.getDepChain$internal$()
method = com.sun.javafx.runtime.FXObject.setDepChain$internal$(com.sun.javafx.runtime.DepChain)
method = com.sun.javafx.runtime.FXObject.addDependent$(int, com.sun.javafx.runtime.FXObject, int)
method = com.sun.javafx.runtime.FXObject.removeDependent$(int, com.sun.javafx.runtime.FXObject)
method = com.sun.javafx.runtime.FXObject.switchDependence$(com.sun.javafx.runtime.FXObject, int, com.sun.javafx.runtime.FXObject, int, int)
method = com.sun.javafx.runtime.FXObject.notifyDependents$(int, int)
method = com.sun.javafx.runtime.FXObject.notifyDependents$(int, int, int, int, int)
method = com.sun.javafx.runtime.FXObject.update$(com.sun.javafx.runtime.FXObject, int, int, int, int, int)
method = com.sun.javafx.runtime.FXObject.getListenerCount$()
method = com.sun.javafx.runtime.FXObject.get$(int)
method = com.sun.javafx.runtime.FXObject.set$(int, java.lang.Object)
method = com.sun.javafx.runtime.FXObject.getType$(int)
method = com.sun.javafx.runtime.FXObject.seq$(int, java.lang.Object)
method = com.sun.javafx.runtime.FXObject.invalidate$(int, int, int, int, int)
method = com.sun.javafx.runtime.FXObject.initialize$(boolean)
method = com.sun.javafx.runtime.FXObject.initVars$()
method = com.sun.javafx.runtime.FXObject.applyDefaults$()
method = com.sun.javafx.runtime.FXObject.applyDefaults$(int)
method = com.sun.javafx.runtime.FXObject.userInit$()
method = com.sun.javafx.runtime.FXObject.postInit$()
method = com.sun.javafx.runtime.FXObject.complete$()
method = com.sun.javafx.runtime.FXObject.count$()
method = com.sun.javafx.runtime.FXObject.size$(int)
method = com.sun.javafx.runtime.FXObject.elem$(int, int)
method = com.sun.javafx.runtime.FXObject.getAsBoolean$(int, int)
method = com.sun.javafx.runtime.FXObject.getAsChar$(int, int)
method = com.sun.javafx.runtime.FXObject.getAsByte$(int, int)
method = com.sun.javafx.runtime.FXObject.getAsShort$(int, int)
method = com.sun.javafx.runtime.FXObject.getAsInt$(int, int)
method = com.sun.javafx.runtime.FXObject.getAsLong$(int, int)
method = com.sun.javafx.runtime.FXObject.getAsFloat$(int, int)
method = com.sun.javafx.runtime.FXObject.getAsDouble$(int, int)
method = com.sun.javafx.runtime.FXObject.invoke$(int, java.lang.Object, java.lang.Object, java.lang.Object[])

----- exclude inherited methods ------
method = com.sun.javafx.jdi.test.target.FilterMethodsTarget$FilterMethodsTargetSub.get$Mixin1$mixivar1()
method = com.sun.javafx.jdi.test.target.FilterMethodsTarget$FilterMethodsTargetSub.set$Mixin1$mixivar1(float)
method = com.sun.javafx.jdi.test.target.FilterMethodsTarget$FilterMethodsTargetSub.invalidate$Mixin1$mixivar1(int)
method = com.sun.javafx.jdi.test.target.FilterMethodsTarget$FilterMethodsTargetSub.onReplace$Mixin1$mixivar1(float, float)
method = com.sun.javafx.jdi.test.target.FilterMethodsTarget$FilterMethodsTargetSub.get$Mixin2$mixivar1()
method = com.sun.javafx.jdi.test.target.FilterMethodsTarget$FilterMethodsTargetSub.set$Mixin2$mixivar1(float)
method = com.sun.javafx.jdi.test.target.FilterMethodsTarget$FilterMethodsTargetSub.invalidate$Mixin2$mixivar1(int)
method = com.sun.javafx.jdi.test.target.FilterMethodsTarget$FilterMethodsTargetSub.onReplace$Mixin2$mixivar1(float, float)
method = com.sun.javafx.jdi.test.target.FilterMethodsTarget$FilterMethodsTargetSub.applyDefaults$(int)
method = com.sun.javafx.jdi.test.target.FilterMethodsTarget$FilterMethodsTargetSub.initVars$()
method = com.sun.javafx.jdi.test.target.FilterMethodsTarget$FilterMethodsTargetSub.<init>()
method = com.sun.javafx.jdi.test.target.FilterMethodsTarget$FilterMethodsTargetSub.mixiFunc()
method = com.sun.javafx.jdi.test.target.FilterMethodsTarget$FilterMethodsTargetSub.<init>(boolean)
method = com.sun.javafx.jdi.test.target.FilterMethodsTarget$FilterMethodsTargetSub.userInit$()
method = com.sun.javafx.jdi.test.target.FilterMethodsTarget$FilterMethodsTargetSub.postInit$()
method = com.sun.javafx.jdi.test.target.FilterMethodsTarget$FilterMethodsTargetSub.stopHere()
method = com.sun.javafx.jdi.test.target.FilterMethodsTarget$FilterMethodsTargetSub.getInt()
method = com.sun.javafx.jdi.test.target.FilterMethodsTarget$FilterMethodsTargetSub.<clinit>()

----- visible methods ------
method = com.sun.javafx.jdi.test.target.FilterMethodsTarget$FilterMethodsTargetSub.get$Mixin1$mixivar1()
method = com.sun.javafx.jdi.test.target.FilterMethodsTarget$FilterMethodsTargetSub.set$Mixin1$mixivar1(float)
method = com.sun.javafx.jdi.test.target.FilterMethodsTarget$FilterMethodsTargetSub.invalidate$Mixin1$mixivar1(int)
method = com.sun.javafx.jdi.test.target.FilterMethodsTarget$FilterMethodsTargetSub.onReplace$Mixin1$mixivar1(float, float)
method = com.sun.javafx.jdi.test.target.FilterMethodsTarget$FilterMethodsTargetSub.get$Mixin2$mixivar1()
method = com.sun.javafx.jdi.test.target.FilterMethodsTarget$FilterMethodsTargetSub.set$Mixin2$mixivar1(float)
method = com.sun.javafx.jdi.test.target.FilterMethodsTarget$FilterMethodsTargetSub.invalidate$Mixin2$mixivar1(int)
method = com.sun.javafx.jdi.test.target.FilterMethodsTarget$FilterMethodsTargetSub.onReplace$Mixin2$mixivar1(float, float)
method = com.sun.javafx.jdi.test.target.FilterMethodsTarget$FilterMethodsTargetSub.applyDefaults$(int)
method = com.sun.javafx.jdi.test.target.FilterMethodsTarget$FilterMethodsTargetSub.initVars$()
method = com.sun.javafx.jdi.test.target.FilterMethodsTarget$FilterMethodsTargetSub.<init>()
method = com.sun.javafx.jdi.test.target.FilterMethodsTarget$FilterMethodsTargetSub.mixiFunc()
method = com.sun.javafx.jdi.test.target.FilterMethodsTarget$FilterMethodsTargetSub.<init>(boolean)
method = com.sun.javafx.jdi.test.target.FilterMethodsTarget$FilterMethodsTargetSub.userInit$()
method = com.sun.javafx.jdi.test.target.FilterMethodsTarget$FilterMethodsTargetSub.postInit$()
method = com.sun.javafx.jdi.test.target.FilterMethodsTarget$FilterMethodsTargetSub.stopHere()
method = com.sun.javafx.jdi.test.target.FilterMethodsTarget$FilterMethodsTargetSub.getInt()
method = com.sun.javafx.jdi.test.target.FilterMethodsTarget$FilterMethodsTargetSub.<clinit>()
method = com.sun.javafx.jdi.test.target.FilterMethodsTarget.priv1()
method = com.sun.javafx.jdi.test.target.FilterMethodsTarget.pub1()
method = com.sun.javafx.jdi.test.target.FilterMethodsTarget.javafx$run$(com.sun.javafx.runtime.sequence.Sequence)
method = com.sun.javafx.jdi.test.target.FilterMethodsTarget.statFunc1()
method = com.sun.javafx.jdi.test.target.FilterMethodsTarget.get$obj()
method = com.sun.javafx.runtime.FXBase.getType$(int)
method = com.sun.javafx.runtime.FXBase.getType$(com.sun.javafx.runtime.FXObject, int)
method = com.sun.javafx.runtime.FXBase.seq$(int, java.lang.Object)
method = com.sun.javafx.runtime.FXBase.seq$(com.sun.javafx.runtime.FXObject, int, java.lang.Object)
method = com.sun.javafx.runtime.FXBase.initialize$(boolean)
method = com.sun.javafx.runtime.FXBase.initialize$(com.sun.javafx.runtime.FXObject, boolean)
method = com.sun.javafx.runtime.FXBase.complete$()
method = com.sun.javafx.runtime.FXBase.complete$(com.sun.javafx.runtime.FXObject)
method = com.sun.javafx.runtime.FXBase.initVars$(com.sun.javafx.runtime.FXObject)
method = com.sun.javafx.runtime.FXBase.applyDefaults$(com.sun.javafx.runtime.FXObject, int)
method = com.sun.javafx.runtime.FXBase.applyDefaults$()
method = com.sun.javafx.runtime.FXBase.applyDefaults$(com.sun.javafx.runtime.FXObject)
method = com.sun.javafx.runtime.FXBase.userInit$(com.sun.javafx.runtime.FXObject)
method = com.sun.javafx.runtime.FXBase.postInit$(com.sun.javafx.runtime.FXObject)
method = com.sun.javafx.runtime.FXBase.makeInitMap$(int, int[])
method = com.sun.javafx.runtime.FXBase.elem$(int, int)
method = com.sun.javafx.runtime.FXBase.elem$(com.sun.javafx.runtime.FXObject, int, int)
method = com.sun.javafx.runtime.FXBase.getAsBoolean$(int, int)
method = com.sun.javafx.runtime.FXBase.getAsBoolean$(com.sun.javafx.runtime.FXObject, int, int)
method = com.sun.javafx.runtime.FXBase.getAsChar$(int, int)
method = com.sun.javafx.runtime.FXBase.getAsChar$(com.sun.javafx.runtime.FXObject, int, int)
method = com.sun.javafx.runtime.FXBase.getAsByte$(int, int)
method = com.sun.javafx.runtime.FXBase.getAsByte$(com.sun.javafx.runtime.FXObject, int, int)
method = com.sun.javafx.runtime.FXBase.getAsShort$(int, int)
method = com.sun.javafx.runtime.FXBase.getAsShort$(com.sun.javafx.runtime.FXObject, int, int)
method = com.sun.javafx.runtime.FXBase.getAsInt$(int, int)
method = com.sun.javafx.runtime.FXBase.getAsInt$(com.sun.javafx.runtime.FXObject, int, int)
method = com.sun.javafx.runtime.FXBase.getAsLong$(int, int)
method = com.sun.javafx.runtime.FXBase.getAsLong$(com.sun.javafx.runtime.FXObject, int, int)
method = com.sun.javafx.runtime.FXBase.getAsFloat$(int, int)
method = com.sun.javafx.runtime.FXBase.getAsFloat$(com.sun.javafx.runtime.FXObject, int, int)
method = com.sun.javafx.runtime.FXBase.getAsDouble$(int, int)
method = com.sun.javafx.runtime.FXBase.getAsDouble$(com.sun.javafx.runtime.FXObject, int, int)
method = java.lang.Object.registerNatives()
method = java.lang.Object.getClass()
method = java.lang.Object.hashCode()
method = java.lang.Object.equals(java.lang.Object)
method = java.lang.Object.clone()
method = java.lang.Object.toString()
method = java.lang.Object.notify()
method = java.lang.Object.notifyAll()
method = java.lang.Object.wait(long)
method = java.lang.Object.wait(long, int)
method = java.lang.Object.wait()
method = java.lang.Object.finalize()

----- methods by name ------
method = com.sun.javafx.jdi.test.target.FilterMethodsTarget$FilterMethodsTargetSub.mixiFunc()
method = com.sun.javafx.jdi.test.target.FilterMethodsTarget$FilterMethodsTargetSub.stopHere()
method = com.sun.javafx.jdi.test.target.FilterMethodsTarget$FilterMethodsTargetSub.getInt()
method = com.sun.javafx.jdi.test.target.FilterMethodsTarget.priv1()
method = com.sun.javafx.jdi.test.target.FilterMethodsTarget.pub1()
