userClass 1 = javafx.lang.Builtins, null
userClass 1 = com.sun.javafx.jdi.test.target.UserClassTarget, null
userClass 1 = com.sun.javafx.jdi.test.target.UserClassTarget, null
userClass 1 = com.sun.javafx.jdi.test.target.UserClassTarget$UserClassTarget$Script, com.sun.javafx.jdi.test.target.UserClassTarget
userClass 1 = com.sun.javafx.jdi.test.target.UserClassTarget, null
userClass 1 = sun.reflect.NativeMethodAccessorImpl, null
userClass 1 = sun.reflect.NativeMethodAccessorImpl, null
userClass 1 = sun.reflect.DelegatingMethodAccessorImpl, null
userClass 1 = java.lang.reflect.Method, null
userClass 1 = com.sun.javafx.runtime.Entry$NoRuntimeDefault, null
userClass 2 = com.sun.javafx.jdi.test.target.UserClassTarget$1UserClassTarget$ObjLit$1, com.sun.javafx.jdi.test.target.UserClassTarget
