test/should-fail/jfxc2384.fx:38: The type-qualifier Object cannot be used in this context; the qualifier must denote a direct superclass of jfxc2384.B.
        Object.toString(); //invalid
              ^
test/should-fail/jfxc2384.fx:56: The type-qualifier Object cannot be used in this context; the qualifier must denote a direct superclass of jfxc2384.C.
        Object.toString(); //invalid
              ^
test/should-fail/jfxc2384.fx:57: The type-qualifier jfxc2384.A cannot be used in this context; the qualifier must denote a direct superclass of jfxc2384.C.
        A.toString(); //invalid
         ^
test/should-fail/jfxc2384.fx:59: The type-qualifier jfxc2384.M cannot be used in this context; the qualifier must denote a direct superclass of jfxc2384.C.
        M.toString(); //invalid
         ^
test/should-fail/jfxc2384.fx:64: The type-qualifier jfxc2384.A cannot be used in this context; the qualifier must denote a direct superclass of jfxc2384.C.
        A.a; //invalid
         ^
test/should-fail/jfxc2384.fx:66: The type-qualifier jfxc2384.M cannot be used in this context; the qualifier must denote a direct superclass of jfxc2384.C.
        M.m; //invalid
         ^
6 errors
