test/should-fail/jfxc549a.fx:10: Sorry, I was trying to understand an identifier but I got confused when I saw 'insert' which is a keyword.
 Perhaps you are missing a 'identifier'.
    var insert: Number;
        ^
test/should-fail/jfxc549a.fx:10: Sorry, I was trying to understand an expression but I got confused when I saw ':' which is a punctuation character.
    var insert: Number;
              ^
test/should-fail/jfxc549a.fx:11: Sorry, I was trying to understand the script contents but I got confused when I saw '}'.
};
^
3 errors
