test\should-fail\jfxc1250slRead.fx:17: warning: The access modifier public includes the access of public-init.
public-init public var slHereIPub = 0;
                   ^
test\should-fail\jfxc1250slRead.fx:21: warning: The access modifier public includes the access of public-read.
public-read public var slHereRPub = 0;
                   ^
test\should-fail\jfxc1250slRead.fx:25: warning: The access modifier public includes the access of public-read.
public-init public-read public var slHereIRPub = 0;
                               ^
test\should-fail\jfxc1250slRead.fx:26: warning: The access modifier public-init includes the access of public-read.
public-init public-read package var slHereIRPkg = 0;
                                ^
test\should-fail\jfxc1250slRead.fx:27: warning: The access modifier public-init includes the access of public-read.
public-init public-read var slHereIRScr = 0;
                        ^
test\should-fail\jfxc1250slRead.fx:34: cannot find symbol
symbol  : variable slScr
location: class jfxc1250slRead.Inh
	System.out.println( slScr );   // ERROR: inherited, same package
	                    ^
test\should-fail\jfxc1250slRead.fx:71: cannot find symbol
symbol  : variable slPkg
location: class jfxc1250slRead.InhA
	System.out.println( slPkg );   // ERROR: inherited, different package
	                    ^
test\should-fail\jfxc1250slRead.fx:72: cannot find symbol
symbol  : variable slScr
location: class jfxc1250slRead.InhA
	System.out.println( slScr );   // ERROR: inherited, different package
	                    ^
test\should-fail\jfxc1250slRead.fx:138: slScr has script only (default) access in jfxc1250subFail
	System.out.println( jfxc1250subFail.slScr );   // ERROR: same package
	                                   ^
test\should-fail\jfxc1250slRead.fx:155: slPkg is not public in jfxc1250.a.jfxc1250subFailA; cannot be accessed from outside package
	System.out.println( jfxc1250subFailA.slPkg );   // ERROR: different package
	                                    ^
test\should-fail\jfxc1250slRead.fx:156: slScr has script only (default) access in jfxc1250.a.jfxc1250subFailA
	System.out.println( jfxc1250subFailA.slScr );   // ERROR: different package
	                                    ^
6 errors
5 warnings
