test\should-fail\jfxc1250instWrite.fx:62: cannot find symbol
symbol  : variable memScr
location: class jfxc1250instWrite.Inh
	memScr = 99;   // ERROR: inherited, same package
	^
test\should-fail\jfxc1250instWrite.fx:67: memIScr has script only (default) write access in jfxc1250subFail
	memIScr = 99;   // ERROR: inherited, same package
	^
test\should-fail\jfxc1250instWrite.fx:72: memRScr has script only (default) write access in jfxc1250subFail
	memRScr = 99;   // ERROR: inherited, same package
	^
test\should-fail\jfxc1250instWrite.fx:77: memIRScr has script only (default) write access in jfxc1250subFail
	memIRScr = 99;   // ERROR: inherited, same package
	^
test\should-fail\jfxc1250instWrite.fx:85: cannot find symbol
symbol  : variable memPkg
location: class jfxc1250instWrite.InhA
	memPkg = 99;   // ERROR: inherited, different package
	^
test\should-fail\jfxc1250instWrite.fx:86: cannot find symbol
symbol  : variable memScr
location: class jfxc1250instWrite.InhA
	memScr = 99;   // ERROR: inherited, different package
	^
test\should-fail\jfxc1250instWrite.fx:90: memIPkg has package write access in jfxc1250.a.jfxc1250subFailA
	memIPkg = 99;   // ERROR: inherited, different package
	^
test\should-fail\jfxc1250instWrite.fx:91: memIScr has script only (default) write access in jfxc1250.a.jfxc1250subFailA
	memIScr = 99;   // ERROR: inherited, different package
	^
test\should-fail\jfxc1250instWrite.fx:95: memRPkg has package write access in jfxc1250.a.jfxc1250subFailA
	memRPkg = 99;   // ERROR: inherited, different package
	^
test\should-fail\jfxc1250instWrite.fx:96: memRScr has script only (default) write access in jfxc1250.a.jfxc1250subFailA
	memRScr = 99;   // ERROR: inherited, different package
	^
test\should-fail\jfxc1250instWrite.fx:100: memIRPkg has package write access in jfxc1250.a.jfxc1250subFailA
	memIRPkg = 99;   // ERROR: inherited, different package
	^
test\should-fail\jfxc1250instWrite.fx:101: memIRScr has script only (default) write access in jfxc1250.a.jfxc1250subFailA
	memIRScr = 99;   // ERROR: inherited, different package
	^
test\should-fail\jfxc1250instWrite.fx:166: memScr has script only (default) access in jfxc1250subFail
	vf.memScr = 99;   // ERROR: same package
	  ^
test\should-fail\jfxc1250instWrite.fx:171: memIScr has script only (default) write access in jfxc1250subFail
	vf.memIScr = 99;   // ERROR: same package
	  ^
test\should-fail\jfxc1250instWrite.fx:176: memRScr has script only (default) write access in jfxc1250subFail
	vf.memRScr = 99;   // ERROR: same package
	  ^
test\should-fail\jfxc1250instWrite.fx:181: memIRScr has script only (default) write access in jfxc1250subFail
	vf.memIRScr = 99;   // ERROR: same package
	  ^
test\should-fail\jfxc1250instWrite.fx:187: memPkg is not public in jfxc1250.a.jfxc1250subFailA; cannot be accessed from outside package
	vf.memPkg = 99;   // ERROR: different package
	  ^
test\should-fail\jfxc1250instWrite.fx:188: memPro has protected access in jfxc1250.a.jfxc1250subFailA
	vf.memPro = 99;   // ERROR: different package
	  ^
test\should-fail\jfxc1250instWrite.fx:189: memScr has script only (default) access in jfxc1250.a.jfxc1250subFailA
	vf.memScr = 99;   // ERROR: different package
	  ^
test\should-fail\jfxc1250instWrite.fx:192: memIPkg has package write access in jfxc1250.a.jfxc1250subFailA
	vf.memIPkg = 99;   // ERROR: different package
	  ^
test\should-fail\jfxc1250instWrite.fx:193: memIPro has protected write access in jfxc1250.a.jfxc1250subFailA
	vf.memIPro = 99;   // ERROR: different package
	  ^
test\should-fail\jfxc1250instWrite.fx:194: memIScr has script only (default) write access in jfxc1250.a.jfxc1250subFailA
	vf.memIScr = 99;   // ERROR: different package
	  ^
test\should-fail\jfxc1250instWrite.fx:197: memRPro has protected write access in jfxc1250.a.jfxc1250subFailA
	vf.memRPro = 99;   // ERROR: different package
	  ^
test\should-fail\jfxc1250instWrite.fx:198: memRPkg has package write access in jfxc1250.a.jfxc1250subFailA
	vf.memRPkg = 99;   // ERROR: different package
	  ^
test\should-fail\jfxc1250instWrite.fx:199: memRScr has script only (default) write access in jfxc1250.a.jfxc1250subFailA
	vf.memRScr = 99;   // ERROR: different package
	  ^
test\should-fail\jfxc1250instWrite.fx:202: memIRPro has protected write access in jfxc1250.a.jfxc1250subFailA
	vf.memIRPro = 99;   // ERROR: different package
	  ^
test\should-fail\jfxc1250instWrite.fx:203: memIRPkg has package write access in jfxc1250.a.jfxc1250subFailA
	vf.memIRPkg = 99;   // ERROR: different package
	  ^
test\should-fail\jfxc1250instWrite.fx:204: memIRScr has script only (default) write access in jfxc1250.a.jfxc1250subFailA
	vf.memIRScr = 99;   // ERROR: different package
	  ^
28 errors
