test/should-fail/jfxc1703.visage:8: illegal combination of modifiers: public and protected
	public protected var x = 0;
	^
test/should-fail/jfxc1703.visage:9: illegal combination of modifiers: public and package
	public package var y = 0;
	^
test/should-fail/jfxc1703.visage:10: illegal combination of modifiers: package and protected
	package protected var z = 0;
	^
test/should-fail/jfxc1703.visage:11: illegal combination of modifiers: public and protected
	public protected package var zzz = 0;
	^
test/should-fail/jfxc1703.visage:13: illegal combination of modifiers: public and protected
	public protected function f1() {}
	^
test/should-fail/jfxc1703.visage:14: illegal combination of modifiers: public and package
	public package function f2() {}
	^
test/should-fail/jfxc1703.visage:15: illegal combination of modifiers: package and protected
	package protected function f3() {}
	^
test/should-fail/jfxc1703.visage:16: illegal combination of modifiers: public and protected
	public protected package function f4() {}
	^
8 errors
