jfxc602.fx:26: warning: incompatible types
found   : Number
required: Integer
        content: widgets[selected]
                         ^
jfxc602.fx:26: cannot find symbol
symbol  : method get(double)
location: class com.sun.javafx.runtime.location.SequenceVariable<javafx.ui.Widget$Intf>
        content: widgets[selected]
                        ^
1 error
1 warning
