test/should-fail/jfxc549a.fx:10: Sorry, I was trying to understand an identifier but I got confused when I saw 'insert' which is a keyword.
 Perhaps you tried to use a keyword as the name of a variable.
    var insert: Number;
        ^
test/should-fail/jfxc549a.fx:10: Sorry, I was trying to understand an expression but I got confused when I saw ':' which is a punctuation character.
    var insert: Number;
              ^
test/should-fail/jfxc549a.fx:11: Sorry, I was trying to understand the script contents but I got confused because I was looking for the end of the script here.
};
^
3 errors
