test/should-fail/jfxc3443.fx:8: on invalidate trigger cannot target unbound variable x
var x = y on invalidate { println("inv"); } //error x is not bound
          ^
test/should-fail/jfxc3443.fx:10: on invalidate triggers are not allowed inside bind
   var u = bind (i mod 2 == 0) on invalidate { //error - trigger in bind context
                               ^
2 errors
