test/should-fail/jfxc549b.fx:10: Sorry, I was trying to understand a 'class' declaration but I got confused because you seem to have missed out '}' that should be there.
    whatever: Number;
    ^
test/should-fail/jfxc549b.fx:10: Sorry, I was trying to understand an expression but I got confused when I saw ':' which is a punctuation character.
    whatever: Number;
            ^
test/should-fail/jfxc549b.fx:11: Sorry, I was trying to understand the script contents but I got confused because I was looking for the end of the script here.
};
^
3 errors
