test\should-fail\jfxc1910.visage:7: modifier public-read not allowed on a class
public-read class dPRead {}
^
test\should-fail\jfxc1910.visage:8: modifier public-init not allowed on a class
public-init class dPInit {}
^
test\should-fail\jfxc1910.visage:9: modifier override not allowed on a class
override class dOverride {}
^
test\should-fail\jfxc1910.visage:11: modifier bound not allowed on a class
bound class dBound {}
^
test\should-fail\jfxc1910.visage:13: modifier public-read not allowed on a script level function
public-read function cPRead() {}
^
test\should-fail\jfxc1910.visage:14: modifier public-init not allowed on a script level function
public-init function cPInit() {}
^
test\should-fail\jfxc1910.visage:15: modifier override not allowed on a script level function
override function cOverride() {}
^
test\should-fail\jfxc1910.visage:16: modifier abstract not allowed on a script level function
abstract function cAbstract();
^
test\should-fail\jfxc1910.visage:22: modifier public-init not allowed on a def
public-init def aPInit = 1;
^
test\should-fail\jfxc1910.visage:23: modifier public-init not allowed on a script level var
public-init var bPInit = 1;
^
test\should-fail\jfxc1910.visage:25: modifier abstract not allowed on a def
abstract def aAbstract = 1;
^
test\should-fail\jfxc1910.visage:26: modifier abstract not allowed on a script level var
abstract var bAbstract = 1;
^
test\should-fail\jfxc1910.visage:28: modifier bound not allowed on a def
bound def aBound = 1;
^
test\should-fail\jfxc1910.visage:29: modifier bound not allowed on a script level var
bound var bBound = 1;
^
test\should-fail\jfxc1910.visage:36: modifier public-read not allowed on a function
    public-read function cPReadInst() {}
    ^
test\should-fail\jfxc1910.visage:37: modifier public-init not allowed on a function
    public-init function cPInitInst() {}
    ^
test\should-fail\jfxc1910.visage:45: modifier public-init not allowed on a def
    public-init def aPInitInst = 1;
    ^
test\should-fail\jfxc1910.visage:48: modifier abstract not allowed on a def
    abstract def aAbstractInst = 1;
    ^
test\should-fail\jfxc1910.visage:49: modifier abstract not allowed on an instance var
    abstract var bAbstractInst = 1;
    ^
test\should-fail\jfxc1910.visage:51: modifier bound not allowed on a def
    bound def aBoundInst = 1;
    ^
test\should-fail\jfxc1910.visage:52: modifier bound not allowed on an instance var
    bound var bBoundInst = 1;
    ^
test\should-fail\jfxc1910.visage:56: modifiers (in this case public-read) not allowed on a local def
    public-read def aPReadLocal = 1; 
    ^
test\should-fail\jfxc1910.visage:57: modifiers (in this case public-read) not allowed on a local var
    public-read var bPReadLocal = 1; 
    ^
test\should-fail\jfxc1910.visage:59: modifiers (in this case public-init) not allowed on a local def
    public-init def aPInitLocal = 1;
    ^
test\should-fail\jfxc1910.visage:60: modifiers (in this case public-init) not allowed on a local var
    public-init var bPInitLocal = 1;
    ^
test\should-fail\jfxc1910.visage:62: modifiers (in this case abstract) not allowed on a local def
    abstract def aAbstractLocal = 1;
    ^
test\should-fail\jfxc1910.visage:63: modifiers (in this case abstract) not allowed on a local var
    abstract var bAbstractLocal = 1;
    ^
test\should-fail\jfxc1910.visage:65: modifiers (in this case bound) not allowed on a local def
    bound def aBoundLocal = 1;
    ^
test\should-fail\jfxc1910.visage:66: modifiers (in this case bound) not allowed on a local var
    bound var bBoundLocal = 1;
    ^
29 errors
