test\should-fail\jfxc1249bad.fx:15: The argument to the function isInitialized must be a reference to an instance 'var'.
     isInitialized(22); // not a variable reference
                  ^
test\should-fail\jfxc1249bad.fx:16: The argument to the function isInitialized must be a reference to an instance 'var'.
     isInitialized(hazmat); // not a variable reference
                  ^
test\should-fail\jfxc1249bad.fx:17: The argument to the function isInitialized must be a reference to an instance 'var'.
     isInitialized(hazmat()); // not a variable reference
                  ^
test\should-fail\jfxc1249bad.fx:20: The argument to the function isInitialized must be a reference to an instance 'var'.
     isInitialized(two); // not a 'var' reference
                  ^
test\should-fail\jfxc1249bad.fx:21: The argument to the function isInitialized must be a reference to an instance 'var'.
     isInitialized(localVar); // not a instance variable reference
                  ^
5 errors
