test/should-fail/jfxc3441.visage:8: Duplicate trigger definition.
var x1 = bind y on replace {} on invalidate {} on replace {} on invalidate {};
                                               ^
test/should-fail/jfxc3441.visage:8: Duplicate trigger definition.
var x1 = bind y on replace {} on invalidate {} on replace {} on invalidate {};
                                                             ^
test/should-fail/jfxc3441.visage:9: Duplicate trigger definition.
var x2 = bind y on invalidate {} on replace {} on invalidate {} on replace {};
                                               ^
test/should-fail/jfxc3441.visage:9: Duplicate trigger definition.
var x2 = bind y on invalidate {} on replace {} on invalidate {} on replace {};
                                                                ^
4 errors
