test/should-fail/jfxc3226.fx:8: Arrays do not support on replace triggers
found   : nativearray of Character
required: Object or Sequence
var chars:nativearray of Character = text.toCharArray() on replace {
^
test/should-fail/jfxc3226.fx:11: The target type of a bind cannot be an array
found   : nativearray of Character
required: Object or Sequence
var chars_2:nativearray of Character = bind chars;
                                            ^
test/should-fail/jfxc3226.fx:11: Arrays do not support bind
found   : nativearray of Character
required: Object or Sequence
var chars_2:nativearray of Character = bind chars;
^
test/should-fail/jfxc3226.fx:12: The target type of a bind cannot be an array
found   : nativearray of Character
required: Object or Sequence
var chars_3:Character[] = bind chars;
                               ^
4 errors
