test\should-fail\jfxc1861.fx:7: warning: The access modifier public includes the access of public-init.
public public-init var str = "Radon";
^
test\should-fail\jfxc1861.fx:8: warning: The access modifier public includes the access of public-read.
public public-read var obj : Object;
^
test\should-fail\jfxc1861.fx:11: warning: The access modifier public includes the access of public-init.
  public public-init var bar : Integer;
  ^
test\should-fail\jfxc1861.fx:12: warning: The access modifier public includes the access of public-read.
  public public-read var num = 2.2;
  ^
4 warnings
