userClass 1 = <tbd>, null
userClass 1 = <tbd>, com.sun.visage.jdi.test.target.ScriptVar1Target
userClass 1 = <tbd>, com.sun.visage.jdi.test.target.ScriptVar1Target
userClass 1 = <tbd>, com.sun.visage.jdi.test.target.ScriptVar1Target
userClass 1 = <tbd>, com.sun.visage.jdi.test.target.ScriptVar1Target
userClass 1 = <tbd>, null
userClass 1 = <tbd>, null
userClass 1 = <tbd>, null
userClass 1 = <tbd>, null
userClass 1 = <tbd>, null
userClass 2 = <tbd>, com.sun.visage.jdi.test.target.ScriptVar1Target
