userClass 1 = <tbd>, null
userClass 1 = <tbd>, null
userClass 1 = <tbd>, null
userClass 1 = <tbd>, com.sun.visage.jdi.test.target.UserClassTarget
userClass 1 = <tbd>, null
userClass 1 = <tbd>, null
userClass 1 = <tbd>, null
userClass 1 = <tbd>, null
userClass 1 = <tbd>, null
userClass 1 = <tbd>, null
userClass 2 = <tbd>, com.sun.visage.jdi.test.target.UserClassTarget
