replaced old:  with new: 34 low idx:0 ; hi idx: -1
replaced old: 34 with new:  low idx:0 ; hi idx: -1
replaced old: 34 with new: 5 low idx:0 ; hi idx: -1
replaced old: 534 with new: 5 low idx:0 ; hi idx: 0
replaced old: 534 with new: 6 low idx:1 ; hi idx: 1
replaced old: 564 with new: 6 low idx:1 ; hi idx: 1
replaced old: 564 with new: 7 low idx:2 ; hi idx: 2
replaced old: 567 with new: 7 low idx:2 ; hi idx: 2
