timeline tick 0.0ms - 0.0
timeline tick 1.0ms - 1.0
timeline tick 2.0ms - 2.0
timeline tick 3.0ms - 3.0
timeline tick 4.0ms - 4.0
timeline tick 5.0ms - 5.0
timeline tick 6.0ms - 6.0
timeline tick 7.0ms - 7.0
timeline tick 8.0ms - 8.0
timeline tick 9.0ms - 9.0
timeline tick 10.0ms - 10.0
timeline tick 11.0ms - 11.0
timeline tick 12.0ms - 12.0
timeline tick 13.0ms - 13.0
timeline tick 14.0ms - 14.0
timeline tick 15.0ms - 15.0
timeline tick 16.0ms - 16.0
timeline tick 17.0ms - 17.0
timeline tick 18.0ms - 18.0
timeline tick 19.0ms - 19.0
timeline tick 20.0ms - 20.0
timeline finished - 25.0
