Note: Optimization statistic: Instance variable count: 2
Note: Optimization statistic: Instance variable Location count: 2
Note: Optimization statistic: Instance variable direct count: 0
Note: Optimization statistic: Instance 'var' count: 1
Note: Optimization statistic: Instance 'var' Location count: 1
Note: Optimization statistic: Instance 'var' direct count: 0
Note: Optimization statistic: Instance 'def' count: 1
Note: Optimization statistic: Instance 'def' Location count: 1
Note: Optimization statistic: Instance 'def' direct count: 0
