test/regress/jfxc2166.fx:8: warning: possible loss of precision
found   : Number
required: Integer
x*= 0.5;
^
test/regress/jfxc2166.fx:9: warning: possible loss of precision
found   : Number
required: Integer
x+=0.5;
^
test/regress/jfxc2166.fx:10: warning: possible loss of precision
found   : Number
required: Integer
x-=0.5;
^
test/regress/jfxc2166.fx:11: warning: possible loss of precision
found   : Number
required: Integer
x/=0.5;
^
4 warnings