Note: Optimization statistic: Script variable count: 2
Note: Optimization statistic: Script variable Location count: 2
Note: Optimization statistic: Script variable direct count: 0
Note: Optimization statistic: Script 'var' count: 1
Note: Optimization statistic: Script 'var' Location count: 1
Note: Optimization statistic: Script 'var' direct count: 0
Note: Optimization statistic: Script 'def' count: 1
Note: Optimization statistic: Script 'def' Location count: 1
Note: Optimization statistic: Script 'def' direct count: 0
