userClass 1 = <tbd>, null
userClass 1 = <tbd>, null
userClass 1 = <tbd>, null
userClass 1 = <tbd>, org.visage.jdi.test.target.UserClassTarget
userClass 1 = <tbd>, null
userClass 1 = <tbd>, null
userClass 1 = <tbd>, null
userClass 1 = <tbd>, null
userClass 1 = <tbd>, null
userClass 1 = <tbd>, null
userClass 2 = <tbd>, org.visage.jdi.test.target.UserClassTarget
