test/features/F26-numerics/VarConversions/ToLongErrors.fx:12: incompatible types
found   : javafx.lang.Duration
required: java.lang.Long
l = Values.dduu;
          ^
test/features/F26-numerics/VarConversions/ToLongErrors.fx:13: incompatible types
found   : Boolean
required: java.lang.Long
l = Values.bboo;
          ^
test/features/F26-numerics/VarConversions/ToLongErrors.fx:14: incompatible types
found   : String
required: java.lang.Long
l = Values.sstt;
          ^
test/features/F26-numerics/VarConversions/ToLongErrors.fx:16: incompatible types
found   : Object
required: java.lang.Long
l = Values.nul;
          ^
test/features/F26-numerics/VarConversions/ToLongErrors.fx:17: A sequence is not a valid expression for this operation, I am looking for an expression that yields 'java.lang.Long'
l = Values.iSeq;
          ^
5 errors
