java -Xbootclasspath/p:c:\openjfx-compiler\openjfx-compiler\dist\lib\javafxc.jar;c:\openjfx-compiler\openjfx-compiler\dist\lib\javafxrt.jar;c:\openjfx-compiler\openjfx-compiler\dist\lib\Scenario-0.5.jar inittrigger
3. Replace Number old = 0.0 new = 3.14
4. Replace Number old = null new = Hello, Dollie!
6. Replace Number old =  new = truetruetrue
7. Replace Number old =  new = 678910
8. Replace Number old =  new = 100.0200.0300.0
9. Replace Number old =  new = Mary had a little lamb.
After Create
i.foo = false
i.ifoo = 0
i.dfoo = 3.14
i.sfoo = Hello, Dollie!
i.seqbfoo = truetruetrue
i.seqifoo = 678910
i.seqnfoo = 100.0200.0300.0
i.seqsfoo = Mary had a little lamb.
