onePixel = 1px
onePoint = 1pt
onePica = 1pc
oneDensityIndependentPixel = 1dp
oneMillimeter = 1mm
oneCentimeter = 1cm
oneInch = 1in
oneScaleIndependentPixel = 1sp
oneEm = 1em
onePercent = 1%
3mm + 2mm = 5mm
5mm - 2mm = 3mm
3mm * 2 = 6mm
2 * 3mm = 6mm
2cm * 2.5 = 5cm
2.5 * 2cm = 5cm
3mm / 2 = 1.5mm
2.5cm / 2.5 = 1cm
2.5mm / 5.0mm = 0.5
oneInch.toCentimeters() = 2.5399999618530273
oneInch.toMillimeters() = 25.399999618530273
oneInch.toDensityIndependentPixels() = 96.0
onePica.toPoints() = 12.0
onePoint.toDensityIndependentPixels() = 1.3333333333333333
tenInches = 10in
