oneDegree = 1deg
oneRadian = 1rad
oneTurn = 1turn
3deg + 2deg = 5deg
5deg - 2deg = 3deg
3deg * 2 = 6deg
2 * 3deg = 6deg
2rad * 2.5 = 5rad
2.5 * 2rad = 5rad
3deg / 2 = 1.5deg
2.5rad / 2.5 = 1rad
2.5deg / 5.0deg = 0.5
oneRadian.toDegrees() = 57.29577951308232
oneTurn.toDegrees() = 360.0
oneDegree.toTurns() = 0.0027777778
ninetyDegrees = 10deg
