Putting 15 pennies into My Piggy Bank.
The total in all piggy banks is 15 cents now.
Putting 22 pennies into Your Piggy Bank.
The total in all piggy banks is 37 cents now.
Putting 6 pennies into My Piggy Bank.
The total in all piggy banks is 43 cents now.
My Piggy Bank has 21 cents.
Your Piggy Bank has 22 cents.
