You put 7 pennies into My Piggy Bank.
You put 3 nickels into My Piggy Bank.
You put 1 nickels into My Piggy Bank.
My Piggy Bank has 27 cents:  7 pennies and 4 nickels.
You put 4 pennies into Your Piggy Bank.
You put 6 nickels into Your Piggy Bank.
You put 9 pennies into Your Piggy Bank.
Your Piggy Bank has 43 cents:  13 pennies and 6 nickels.
