clsSquare=class Main.Square jfx-class:true compound:true
Sq.super: [class javafx.ui.canvas.Rect]
clsSimple=class Main.Simple jfx-class:true  compound:false
Simpl.super: [class Main.Square, class java.lang.Object]
Simpl.super/all: [class Main.Simple, class Main.Square, class java.lang.Object, class javafx.ui.canvas.AbstractPathElement, class javafx.ui.canvas.CanvasElement, class javafx.ui.canvas.Node, class javafx.ui.canvas.Rect, class javafx.ui.canvas.Shape, class javafx.ui.canvas.SizeableCanvasElement, class javafx.ui.canvas.Transformable, class javafx.ui.canvas.VisualNode]
clsString=class java.lang.String jfx-class:false compound:false
Str.super: [class java.io.Serializable, class java.lang.CharSequence, class java.lang.Comparable, class java.lang.Object, class java.lang.String]
