clsSquare=class Main.Square jfx-class:true compound:true
Sq.super: [class Main.MyRect]
clsSimple=class Main.Simple jfx-class:true  compound:false
Simpl.super: [class Main.Square, class java.lang.Object]
Simpl.super (inherited also):
  class Main.MyCanvasItem
  class Main.MyRect
  class Main.MyShape
  class Main.Simple
  class Main.Square
  class java.lang.Object
clsString=class java.lang.String jfx-class:false compound:false
String .super (inherited also):
  class java.io.Serializable
  class java.lang.CharSequence
  class java.lang.Comparable
  class java.lang.Object
  class java.lang.String
Square methods (inherited also):
  function Main.MyRect.corners():java.awt.geom.Point2D[]
  function Main.MyShape.times1():Number
  function Main.MyShape.transformed():Main.MyShape
  function Main.MyRect.transformed():Main.MyShape
MyRect.methods: 
  function Main.MyRect.corners():java.awt.geom.Point2D[]
  function Main.MyRect.transformed():Main.MyShape
MyRect attributes: 
  attribute Main.MyRect.crners:java.awt.geom.Point2D[]
MyRect attributes (inherited also): 
  crners : java.awt.geom.Point2D[]
  crners : java.awt.geom.Point2D[] = [ ]
  shapeFunAttr1 : function(Integer,java.lang.String):java.lang.String
  shapeFunAttr1 : function(Integer,java.lang.String):java.lang.String = function(Integer,java.lang.String):java.lang.String{...}
  shapeIntAttr : Integer
  shapeIntAttr : Integer = 12
  shapeNumAttr : Number
  shapeNumAttr : Number = 1.5
  shapeStrAttr : class java.lang.String
  shapeStrAttr : class java.lang.String = str1
Square attributes (only):
  atBlank : class java.lang.String
  atProt : class java.lang.String
  atPub : class java.lang.String
Simple attributes (only):
  at1 : class java.lang.Object
MyRect methods:
  function Main.MyRect.corners():java.awt.geom.Point2D[]
  function Main.MyShape.times1():Number
  function Main.MyShape.transformed():Main.MyShape
  function Main.MyRect.transformed():Main.MyShape
MyRect.times1(Number): function Main.MyRect.times1():Number
call times1(2.5): NumberValue(45.0)
MyRect.shapeFunAttr1 variable: attribute Main.MyShape.shapeFunAttr1:function(Integer,java.lang.String):java.lang.String
 - apply(3,"abcdefg") => defg
After updating shapeFunAttr1 to repeat:
 - apply(3,"abc") => abcabcabc
